Warning: Some timing arcs have been disabled for breaking timing loops or because of constant propagation. Use the 'report_disable_timing' command to get the list of these disabled timing arcs. (PTE-003)
****************************************
Report : constraint
	-all_violators
	-path slack_only
Design : microcontroller_interface_8_8
Version: K-2015.12
Date   : Mon May 30 23:50:05 2022
****************************************






   max_transition

                             Required        Actual
   Pin                      Transition     Transition        Slack
   -----------------------------------------------------------------
   FE_PHC4398_DUT2_operand_array_147/A
                                0.28           0.42          -0.14  (VIOLATED)
   U12783/B1                    0.28           0.42          -0.14  (VIOLATED)
   DUT2_operand_array_reg_109__3_/QN
                                0.28           0.42          -0.14  (VIOLATED)
   FE_PHC3943_DUT2_instruction_array_2535/A
                                0.28           0.39          -0.11  (VIOLATED)
   U10503/A1                    0.28           0.39          -0.11  (VIOLATED)
   DUT2_instruction_array_reg_74__1_/QN
                                0.28           0.39          -0.11  (VIOLATED)
   FE_PHC5715_n7193/A           0.28           0.38          -0.10  (VIOLATED)
   U15669/Y                     0.28           0.38          -0.10  (VIOLATED)
   FE_PHC2949_DUT2_operand_array_970/A
                                0.28           0.37          -0.09  (VIOLATED)
   U12616/A1                    0.28           0.37          -0.09  (VIOLATED)
   DUT2_operand_array_reg_6__2_/QN
                                0.28           0.37          -0.09  (VIOLATED)
   FE_PHC5999_DUT2_instruction_array_1414/A
                                0.28           0.36          -0.08  (VIOLATED)
   U10289/A1                    0.28           0.36          -0.08  (VIOLATED)
   DUT2_instruction_array_reg_154__0_/QN
                                0.28           0.36          -0.08  (VIOLATED)
   FE_PHC4856_DUT2_instruction_array_2118/A
                                0.28           0.36          -0.08  (VIOLATED)
   U11447/B1                    0.28           0.36          -0.08  (VIOLATED)
   DUT2_instruction_array_reg_104__4_/QN
                                0.28           0.36          -0.08  (VIOLATED)
   FE_PHC5479_DUT2_operand_array_341/A
                                0.28           0.36          -0.08  (VIOLATED)
   U12935/A1                    0.28           0.36          -0.08  (VIOLATED)
   DUT2_operand_array_reg_85__5_/QN
                                0.28           0.36          -0.08  (VIOLATED)
   U15002/B0                    0.28           0.36          -0.08  (VIOLATED)
   FE_PHC5199_DUT2_instruction_array_1058/Y
                                0.28           0.36          -0.08  (VIOLATED)
   U14969/B0                    0.28           0.36          -0.08  (VIOLATED)
   FE_PHC5304_DUT2_instruction_array_1116/Y
                                0.28           0.36          -0.08  (VIOLATED)
   U8465/B0                     0.28           0.35          -0.07  (VIOLATED)
   FE_PHC2730_DUT2_instruction_array_2966/Y
                                0.28           0.35          -0.07  (VIOLATED)
   U8004/B0                     0.28           0.35          -0.07  (VIOLATED)
   FE_PHC5194_DUT2_instruction_array_3495/Y
                                0.28           0.35          -0.07  (VIOLATED)
   FE_PHC3502_DUT2_operand_array_713/A
                                0.28           0.35          -0.07  (VIOLATED)
   U12693/B1                    0.28           0.35          -0.07  (VIOLATED)
   DUT2_operand_array_reg_38__1_/QN
                                0.28           0.35          -0.07  (VIOLATED)
   FE_PHC4548_DUT2_operand_array_521/A
                                0.28           0.34          -0.06  (VIOLATED)
   U12694/B1                    0.28           0.34          -0.06  (VIOLATED)
   DUT2_operand_array_reg_62__1_/QN
                                0.28           0.34          -0.06  (VIOLATED)
   FE_PHC4969_DUT2_instruction_array_2880/A
                                0.28           0.34          -0.06  (VIOLATED)
   U12148/B1                    0.28           0.34          -0.06  (VIOLATED)
   DUT2_instruction_array_reg_50__10_/QN
                                0.28           0.34          -0.06  (VIOLATED)
   FE_PHC6000_DUT2_operand_array_930/A
                                0.28           0.34          -0.06  (VIOLATED)
   U12604/A1                    0.28           0.34          -0.06  (VIOLATED)
   DUT2_operand_array_reg_11__2_/QN
                                0.28           0.34          -0.06  (VIOLATED)
   FE_PHC5300_DUT2_instruction_array_1118/A
                                0.28           0.34          -0.06  (VIOLATED)
   U11069/B1                    0.28           0.34          -0.06  (VIOLATED)
   DUT2_instruction_array_reg_176__12_/QN
                                0.28           0.34          -0.06  (VIOLATED)
   FE_PHC4982_DUT2_instruction_array_3208/A
                                0.28           0.34          -0.06  (VIOLATED)
   U10580/A1                    0.28           0.34          -0.06  (VIOLATED)
   DUT2_instruction_array_reg_26__2_/QN
                                0.28           0.34          -0.06  (VIOLATED)
   FE_PHC4241_DUT2_instruction_array_2541/A
                                0.28           0.34          -0.06  (VIOLATED)
   U10965/A1                    0.28           0.34          -0.06  (VIOLATED)
   DUT2_instruction_array_reg_74__7_/QN
                                0.28           0.34          -0.06  (VIOLATED)
   U8493/B0                     0.28           0.33          -0.05  (VIOLATED)
   FE_PHC4600_DUT2_instruction_array_2934/Y
                                0.28           0.33          -0.05  (VIOLATED)
   U9105/B0                     0.28           0.33          -0.05  (VIOLATED)
   FE_PHC5235_DUT2_instruction_array_1894/Y
                                0.28           0.33          -0.05  (VIOLATED)
   FE_PHC3058_DUT2_instruction_array_1084/A
                                0.28           0.33          -0.05  (VIOLATED)
   U11724/B1                    0.28           0.33          -0.05  (VIOLATED)
   DUT2_instruction_array_reg_178__6_/QN
                                0.28           0.33          -0.05  (VIOLATED)
   FE_PHC3707_DUT2_instruction_array_2648/A
                                0.28           0.33          -0.05  (VIOLATED)
   U10655/A1                    0.28           0.33          -0.05  (VIOLATED)
   DUT2_instruction_array_reg_66__2_/QN
                                0.28           0.33          -0.05  (VIOLATED)
   FE_PHC3382_DUT2_operand_array_716/A
                                0.28           0.33          -0.05  (VIOLATED)
   U12849/B1                    0.28           0.33          -0.05  (VIOLATED)
   DUT2_operand_array_reg_38__4_/QN
                                0.28           0.33          -0.05  (VIOLATED)
   U8402/B0                     0.28           0.33          -0.05  (VIOLATED)
   FE_PHC5299_DUT2_instruction_array_1094/A
                                0.28           0.33          -0.05  (VIOLATED)
   U10588/B1                    0.28           0.33          -0.05  (VIOLATED)
   DUT2_instruction_array_reg_177__2_/QN
                                0.28           0.33          -0.05  (VIOLATED)
   FE_PHC5220_DUT2_instruction_array_3039/Y
                                0.28           0.33          -0.05  (VIOLATED)
   U13490/B0                    0.28           0.33          -0.05  (VIOLATED)
   FE_PHC4177_DUT2_operand_array_145/Y
                                0.28           0.33          -0.05  (VIOLATED)
   FE_PHC3545_DUT2_operand_array_141/A
                                0.28           0.33          -0.05  (VIOLATED)
   U12966/B1                    0.28           0.33          -0.05  (VIOLATED)
   DUT2_operand_array_reg_110__5_/QN
                                0.28           0.33          -0.05  (VIOLATED)
   FE_PHC4573_DUT2_instruction_array_2116/A
                                0.28           0.33          -0.05  (VIOLATED)
   U9681/B1                     0.28           0.33          -0.05  (VIOLATED)
   DUT2_instruction_array_reg_104__2_/QN
                                0.28           0.33          -0.05  (VIOLATED)
   PC_out_reg_1_/D              0.28           0.32          -0.04  (VIOLATED)
   U7264/C                      0.28           0.32          -0.04  (VIOLATED)
   U10148/A                     0.28           0.32          -0.04  (VIOLATED)
   U13231/B0                    0.28           0.32          -0.04  (VIOLATED)
   FE_PHC5112_PC_1/Y            0.28           0.32          -0.04  (VIOLATED)
   U8528/B0                     0.28           0.32          -0.04  (VIOLATED)
   FE_PHC4811_DUT2_instruction_array_2893/Y
                                0.28           0.32          -0.04  (VIOLATED)
   U14975/B0                    0.28           0.32          -0.04  (VIOLATED)
   FE_PHC5300_DUT2_instruction_array_1118/Y
                                0.28           0.32          -0.04  (VIOLATED)
   FE_PHC3821_DUT2_instruction_array_3375/A
                                0.28           0.32          -0.04  (VIOLATED)
   U10420/A1                    0.28           0.32          -0.04  (VIOLATED)
   DUT2_instruction_array_reg_14__1_/QN
                                0.28           0.32          -0.04  (VIOLATED)
   U13529/B0                    0.28           0.32          -0.04  (VIOLATED)
   FE_PHC5214_DUT2_operand_array_932/Y
                                0.28           0.32          -0.04  (VIOLATED)
   FE_PHC5291_DUT2_instruction_array_2211/A
                                0.28           0.32          -0.04  (VIOLATED)
   U11271/B1                    0.28           0.32          -0.04  (VIOLATED)
   DUT2_instruction_array_reg_98__13_/QN
                                0.28           0.32          -0.04  (VIOLATED)
   FE_PHC3295_DUT2_instruction_array_3255/A
                                0.28           0.32          -0.04  (VIOLATED)
   U10863/A1                    0.28           0.32          -0.04  (VIOLATED)
   DUT2_instruction_array_reg_23__7_/QN
                                0.28           0.32          -0.04  (VIOLATED)
   FE_PHC4138_DUT2_instruction_array_2094/A
                                0.28           0.32          -0.04  (VIOLATED)
   U11919/B1                    0.28           0.32          -0.04  (VIOLATED)
   DUT2_instruction_array_reg_106__8_/QN
                                0.28           0.32          -0.04  (VIOLATED)
   FE_PHC5078_DUT2_instruction_array_3250/A
                                0.28           0.32          -0.04  (VIOLATED)
   U10555/A1                    0.28           0.32          -0.04  (VIOLATED)
   DUT2_instruction_array_reg_23__2_/QN
                                0.28           0.32          -0.04  (VIOLATED)
   FE_PHC4362_DUT2_instruction_array_3296/A
                                0.28           0.32          -0.04  (VIOLATED)
   U11671/A1                    0.28           0.32          -0.04  (VIOLATED)
   DUT2_instruction_array_reg_20__6_/QN
                                0.28           0.32          -0.04  (VIOLATED)
   FE_PHC3420_DUT2_instruction_array_3518/A
                                0.28           0.32          -0.04  (VIOLATED)
   U11365/A1                    0.28           0.32          -0.04  (VIOLATED)
   DUT2_instruction_array_reg_4__4_/QN
                                0.28           0.32          -0.04  (VIOLATED)
   FE_PHC3941_DUT2_instruction_array_2984/A
                                0.28           0.32          -0.04  (VIOLATED)
   U10581/B1                    0.28           0.32          -0.04  (VIOLATED)
   DUT2_instruction_array_reg_42__2_/QN
                                0.28           0.32          -0.04  (VIOLATED)
   FE_PHC4387_DUT2_instruction_array_2430/A
                                0.28           0.32          -0.04  (VIOLATED)
   U11916/A1                    0.28           0.32          -0.04  (VIOLATED)
   DUT2_instruction_array_reg_82__8_/QN
                                0.28           0.32          -0.04  (VIOLATED)
   FE_PHC5304_DUT2_instruction_array_1116/A
                                0.28           0.32          -0.04  (VIOLATED)
   U12177/B1                    0.28           0.32          -0.04  (VIOLATED)
   DUT2_instruction_array_reg_176__10_/QN
                                0.28           0.32          -0.04  (VIOLATED)
   U16288/B0                    0.28           0.32          -0.04  (VIOLATED)
   FE_PHC2951_DUT2_instruction_array_2204/Y
                                0.28           0.32          -0.04  (VIOLATED)
   FE_PHC5171_DUT2_instruction_array_3376/A
                                0.28           0.32          -0.04  (VIOLATED)
   U9685/A1                     0.28           0.32          -0.04  (VIOLATED)
   DUT2_instruction_array_reg_14__2_/QN
                                0.28           0.32          -0.04  (VIOLATED)
   FE_PHC4569_DUT2_operand_array_740/A
                                0.28           0.31          -0.03  (VIOLATED)
   U12835/B1                    0.28           0.31          -0.03  (VIOLATED)
   DUT2_operand_array_reg_35__4_/QN
                                0.28           0.31          -0.03  (VIOLATED)
   FE_PHC4335_DUT2_instruction_array_2538/A
                                0.28           0.31          -0.03  (VIOLATED)
   U11457/A1                    0.28           0.31          -0.03  (VIOLATED)
   DUT2_instruction_array_reg_74__4_/QN
                                0.28           0.31          -0.03  (VIOLATED)
   FE_PHC4402_DUT2_instruction_array_2781/A
                                0.28           0.31          -0.03  (VIOLATED)
   U11968/B1                    0.28           0.31          -0.03  (VIOLATED)
   DUT2_instruction_array_reg_57__9_/QN
                                0.28           0.31          -0.03  (VIOLATED)
   FE_PHC4407_DUT2_instruction_array_3407/A
                                0.28           0.31          -0.03  (VIOLATED)
   U11519/A1                    0.28           0.31          -0.03  (VIOLATED)
   DUT2_instruction_array_reg_12__5_/QN
                                0.28           0.31          -0.03  (VIOLATED)
   FE_PHC4983_DUT2_instruction_array_3095/A
                                0.28           0.31          -0.03  (VIOLATED)
   U10424/B1                    0.28           0.31          -0.03  (VIOLATED)
   DUT2_instruction_array_reg_34__1_/QN
                                0.28           0.31          -0.03  (VIOLATED)
   PC_out_reg_2_/D              0.28           0.31          -0.03  (VIOLATED)
   U13571/B0                    0.28           0.31          -0.03  (VIOLATED)
   FE_PHC5246_DUT2_operand_array_483/Y
                                0.28           0.31          -0.03  (VIOLATED)
   U7261/A                      0.28           0.31          -0.03  (VIOLATED)
   U7264/B                      0.28           0.31          -0.03  (VIOLATED)
   U13235/B0                    0.28           0.31          -0.03  (VIOLATED)
   U10181/A                     0.28           0.31          -0.03  (VIOLATED)
   U10194/A                     0.28           0.31          -0.03  (VIOLATED)
   U12405/D                     0.28           0.31          -0.03  (VIOLATED)
   U9773/Y                      0.28           0.31          -0.03  (VIOLATED)
   FE_PHC5111_PC_2/Y            0.28           0.31          -0.03  (VIOLATED)
   U14958/B0                    0.28           0.31          -0.03  (VIOLATED)
   FE_PHC5299_DUT2_instruction_array_1094/Y
                                0.28           0.31          -0.03  (VIOLATED)
   FE_PHC6753_n4954/A           0.28           0.31          -0.03  (VIOLATED)
   U16299/Y                     0.28           0.31          -0.03  (VIOLATED)
   FE_PHC5087_DUT2_instruction_array_2299/A
                                0.28           0.30          -0.02  (VIOLATED)
   U10792/A1                    0.28           0.30          -0.02  (VIOLATED)
   FE_PHC4341_DUT2_operand_array_806/A
                                0.28           0.30          -0.02  (VIOLATED)
   U12991/A1                    0.28           0.30          -0.02  (VIOLATED)
   DUT2_operand_array_reg_27__6_/QN
                                0.28           0.30          -0.02  (VIOLATED)
   DUT2_instruction_array_reg_91__3_/QN
                                0.28           0.30          -0.02  (VIOLATED)
   FE_PHC5133_n5767/A           0.28           0.30          -0.02  (VIOLATED)
   U10070/Y                     0.28           0.30          -0.02  (VIOLATED)
   FE_PHC4482_DUT2_operand_array_737/A
                                0.28           0.30          -0.02  (VIOLATED)
   U12679/B1                    0.28           0.30          -0.02  (VIOLATED)
   DUT2_operand_array_reg_35__1_/QN
                                0.28           0.30          -0.02  (VIOLATED)
   FE_PHC3984_DUT2_instruction_array_2099/A
                                0.28           0.30          -0.02  (VIOLATED)
   U11273/B1                    0.28           0.30          -0.02  (VIOLATED)
   DUT2_instruction_array_reg_106__13_/QN
                                0.28           0.30          -0.02  (VIOLATED)
   FE_PHC3909_DUT2_operand_array_578/A
                                0.28           0.30          -0.02  (VIOLATED)
   U12596/B1                    0.28           0.30          -0.02  (VIOLATED)
   DUT2_operand_array_reg_55__2_/QN
                                0.28           0.30          -0.02  (VIOLATED)
   FE_PHC4761_DUT2_instruction_array_2896/A
                                0.28           0.30          -0.02  (VIOLATED)
   U11013/B1                    0.28           0.30          -0.02  (VIOLATED)
   DUT2_instruction_array_reg_49__12_/QN
                                0.28           0.30          -0.02  (VIOLATED)
   FE_PHC5145_DUT2_instruction_array_3496/A
                                0.28           0.30          -0.02  (VIOLATED)
   U12144/A1                    0.28           0.30          -0.02  (VIOLATED)
   DUT2_instruction_array_reg_6__10_/QN
                                0.28           0.30          -0.02  (VIOLATED)
   FE_PHC3854_DUT2_instruction_array_2206/A
                                0.28           0.30          -0.02  (VIOLATED)
   U11917/B1                    0.28           0.30          -0.02  (VIOLATED)
   DUT2_instruction_array_reg_98__8_/QN
                                0.28           0.30          -0.02  (VIOLATED)
   FE_PHC3946_DUT2_operand_array_833/A
                                0.28           0.30          -0.02  (VIOLATED)
   U12673/A1                    0.28           0.30          -0.02  (VIOLATED)
   DUT2_operand_array_reg_23__1_/QN
                                0.28           0.30          -0.02  (VIOLATED)
   FE_PHC3275_DUT2_instruction_array_3415/A
                                0.28           0.30          -0.02  (VIOLATED)
   U11183/A1                    0.28           0.30          -0.02  (VIOLATED)
   DUT2_instruction_array_reg_12__13_/QN
                                0.28           0.30          -0.02  (VIOLATED)
   FE_PHC5023_addr_1/A          0.28           0.30          -0.02  (VIOLATED)
   U12425/A                     0.28           0.30          -0.02  (VIOLATED)
   U12493/B                     0.28           0.30          -0.02  (VIOLATED)
   U12521/C                     0.28           0.30          -0.02  (VIOLATED)
   DUT3_addr_reg_1_/Q           0.28           0.30          -0.02  (VIOLATED)
   FE_PHC2720_DUT2_instruction_array_2922/A
                                0.28           0.30          -0.02  (VIOLATED)
   U12127/B1                    0.28           0.30          -0.02  (VIOLATED)
   DUT2_instruction_array_reg_47__10_/QN
                                0.28           0.30          -0.02  (VIOLATED)
   FE_PHC4376_DUT2_instruction_array_1892/A
                                0.28           0.29          -0.01  (VIOLATED)
   U10647/B1                    0.28           0.29          -0.01  (VIOLATED)
   DUT2_instruction_array_reg_120__2_/QN
                                0.28           0.29          -0.01  (VIOLATED)
   U9145/B0                     0.28           0.29          -0.01  (VIOLATED)
   FE_PHC4721_DUT2_instruction_array_1848/Y
                                0.28           0.29          -0.01  (VIOLATED)
   FE_PHC4077_DUT2_instruction_array_2780/A
                                0.28           0.29          -0.01  (VIOLATED)
   U11813/B1                    0.28           0.29          -0.01  (VIOLATED)
   DUT2_instruction_array_reg_57__8_/QN
                                0.28           0.29          -0.01  (VIOLATED)
   FE_PHC2728_DUT2_instruction_array_3479/A
                                0.28           0.29          -0.01  (VIOLATED)
   U10864/A1                    0.28           0.29          -0.01  (VIOLATED)
   DUT2_instruction_array_reg_7__7_/QN
                                0.28           0.29          -0.01  (VIOLATED)
   FE_PHC3059_DUT2_operand_array_224/A
                                0.28           0.29          -0.01  (VIOLATED)
   U12563/B1                    0.28           0.29          -0.01  (VIOLATED)
   DUT2_operand_array_reg_99__0_/QN
                                0.28           0.29          -0.01  (VIOLATED)
   FE_PHC3417_DUT2_instruction_array_2342/A
                                0.28           0.29          -0.01  (VIOLATED)
   U11446/A1                    0.28           0.29          -0.01  (VIOLATED)
   DUT2_instruction_array_reg_88__4_/QN
                                0.28           0.29          -0.01  (VIOLATED)
   U15194/A1                    0.28           0.29          -0.01  (VIOLATED)
   U14668/A1                    0.28           0.29          -0.01  (VIOLATED)
   U15448/A1                    0.28           0.29          -0.01  (VIOLATED)
   U16037/A1                    0.28           0.29          -0.01  (VIOLATED)
   U14787/A1                    0.28           0.29          -0.01  (VIOLATED)
   U15751/A1                    0.28           0.29          -0.01  (VIOLATED)
   U14760/A1                    0.28           0.29          -0.01  (VIOLATED)
   U14608/A1                    0.28           0.29          -0.01  (VIOLATED)
   U15215/A1                    0.28           0.29          -0.01  (VIOLATED)
   U15973/A1                    0.28           0.29          -0.01  (VIOLATED)
   U15543/A1                    0.28           0.29          -0.01  (VIOLATED)
   U15471/A1                    0.28           0.29          -0.01  (VIOLATED)
   U15783/A1                    0.28           0.29          -0.01  (VIOLATED)
   U16005/A1                    0.28           0.29          -0.01  (VIOLATED)
   U15910/A1                    0.28           0.29          -0.01  (VIOLATED)
   U15381/A1                    0.28           0.29          -0.01  (VIOLATED)
   U15878/A1                    0.28           0.29          -0.01  (VIOLATED)
   U15415/A1                    0.28           0.29          -0.01  (VIOLATED)
   U15846/A1                    0.28           0.29          -0.01  (VIOLATED)
   U15499/A1                    0.28           0.29          -0.01  (VIOLATED)
   U15719/A1                    0.28           0.29          -0.01  (VIOLATED)
   U14730/A1                    0.28           0.29          -0.01  (VIOLATED)
   U15296/A1                    0.28           0.29          -0.01  (VIOLATED)
   U14639/A1                    0.28           0.29          -0.01  (VIOLATED)
   FE_OFC126_instruction_in_8/A
                                0.28           0.29          -0.01  (VIOLATED)
   U15941/A1                    0.28           0.29          -0.01  (VIOLATED)
   U15526/A1                    0.28           0.29          -0.01  (VIOLATED)
   U15814/A1                    0.28           0.29          -0.01  (VIOLATED)
   U15423/A1                    0.28           0.29          -0.01  (VIOLATED)
   U16068/A1                    0.28           0.29          -0.01  (VIOLATED)
   U14815/A1                    0.28           0.29          -0.01  (VIOLATED)
   U15254/A1                    0.28           0.29          -0.01  (VIOLATED)
   U8347/A1                     0.28           0.29          -0.01  (VIOLATED)
   U7956/A1                     0.28           0.29          -0.01  (VIOLATED)
   U14669/A1                    0.28           0.29          -0.01  (VIOLATED)
   U8053/A1                     0.28           0.29          -0.01  (VIOLATED)
   U8445/A1                     0.28           0.29          -0.01  (VIOLATED)
   U9968/A1                     0.28           0.29          -0.01  (VIOLATED)
   U8541/A1                     0.28           0.29          -0.01  (VIOLATED)
   U8247/A1                     0.28           0.29          -0.01  (VIOLATED)
   U16545/A1                    0.28           0.29          -0.01  (VIOLATED)
   FE_PHC4401_DUT2_operand_array_524/A
                                0.28           0.29          -0.01  (VIOLATED)
   U12850/B1                    0.28           0.29          -0.01  (VIOLATED)
   DUT2_operand_array_reg_62__4_/QN
                                0.28           0.29          -0.01  (VIOLATED)
   U7932/A1                     0.28           0.29          -0.01  (VIOLATED)
   FE_PHC3853_DUT2_instruction_array_2117/A
                                0.28           0.29          -0.01  (VIOLATED)
   U10802/B1                    0.28           0.29          -0.01  (VIOLATED)
   DUT2_instruction_array_reg_104__3_/QN
                                0.28           0.29          -0.01  (VIOLATED)
   FE_OFC125_instruction_in_8/A
                                0.28           0.29          -0.01  (VIOLATED)
   U8125/A1                     0.28           0.29          -0.01  (VIOLATED)
   U8029/A1                     0.28           0.29          -0.01  (VIOLATED)
   U8421/A1                     0.28           0.29          -0.01  (VIOLATED)
   U8322/A1                     0.28           0.29          -0.01  (VIOLATED)
   U8223/A1                     0.28           0.29          -0.01  (VIOLATED)
   U16576/A1                    0.28           0.29          -0.01  (VIOLATED)
   FE_PHC4067_DUT2_instruction_array_2812/A
                                0.28           0.29          -0.01  (VIOLATED)
   U11017/B1                    0.28           0.29          -0.01  (VIOLATED)
   DUT2_instruction_array_reg_55__12_/QN
                                0.28           0.29          -0.01  (VIOLATED)
   FE_OFC124_instruction_in_8/Y
                                0.28           0.29          -0.01  (VIOLATED)
   FE_PHC5090_PC_4/A            0.28           0.29          -0.01  (VIOLATED)
   FE_PHC5539_PC_4/A            0.28           0.29          -0.01  (VIOLATED)
   U7258/C                      0.28           0.29          -0.01  (VIOLATED)
   U10151/B                     0.28           0.29          -0.01  (VIOLATED)
   U10158/A                     0.28           0.29          -0.01  (VIOLATED)
   DUT3_PC_reg_4_/QN            0.28           0.29          -0.01  (VIOLATED)
   FE_PHC4844_DUT2_instruction_array_808/A
                                0.28           0.29          -0.01  (VIOLATED)
   U12259/A1                    0.28           0.29          -0.01  (VIOLATED)
   DUT2_instruction_array_reg_198__10_/QN
                                0.28           0.29          -0.01  (VIOLATED)
   FE_PHC4721_DUT2_instruction_array_1848/A
                                0.28           0.29          -0.01  (VIOLATED)
   U10309/B1                    0.28           0.29          -0.01  (VIOLATED)
   DUT2_instruction_array_reg_123__0_/QN
                                0.28           0.29          -0.01  (VIOLATED)
   FE_PHC5345_DUT2_instruction_array_1297/A
                                0.28           0.29          -0.01  (VIOLATED)
   U12014/B1                    0.28           0.29          -0.01  (VIOLATED)
   DUT2_instruction_array_reg_163__9_/QN
                                0.28           0.29          -0.01  (VIOLATED)
   FE_PHC3936_DUT2_instruction_array_2487/A
                                0.28           0.29          -0.01  (VIOLATED)
   U12068/A1                    0.28           0.29          -0.01  (VIOLATED)
   DUT2_instruction_array_reg_78__9_/QN
                                0.28           0.29          -0.01  (VIOLATED)
   FE_PHC5920_n6413/A           0.28           0.29          -0.01  (VIOLATED)
   U14679/Y                     0.28           0.29          -0.01  (VIOLATED)
   FE_PHC3386_DUT2_instruction_array_2806/A
                                0.28           0.29          -0.01  (VIOLATED)
   U9746/B1                     0.28           0.29          -0.01  (VIOLATED)
   DUT2_instruction_array_reg_55__6_/QN
                                0.28           0.29          -0.01  (VIOLATED)
   FE_PHC3908_DUT2_instruction_array_1984/A
                                0.28           0.29          -0.01  (VIOLATED)
   U9766/B1                     0.28           0.29          -0.01  (VIOLATED)
   DUT2_instruction_array_reg_114__10_/QN
                                0.28           0.29          -0.01  (VIOLATED)
   U9884/B0                     0.28           0.29          -0.01  (VIOLATED)
   FE_PHC5243_DUT2_operand_array_295/Y
                                0.28           0.29          -0.01  (VIOLATED)
   FE_PHC4384_DUT2_operand_array_969/A
                                0.28           0.29          -0.01  (VIOLATED)
   U12693/A1                    0.28           0.29          -0.01  (VIOLATED)
   DUT2_operand_array_reg_6__1_/QN
                                0.28           0.29          -0.01  (VIOLATED)
   FE_PHC4027_DUT2_operand_array_614/A
                                0.28           0.29          -0.01  (VIOLATED)
   U12989/B1                    0.28           0.29          -0.01  (VIOLATED)
   DUT2_operand_array_reg_51__6_/QN
                                0.28           0.29          -0.01  (VIOLATED)
   U8187/A1                     0.28           0.29          -0.01  (VIOLATED)
   U8212/A1                     0.28           0.29          -0.01  (VIOLATED)
   U16591/A1                    0.28           0.29          -0.01  (VIOLATED)
   U8284/A1                     0.28           0.29          -0.01  (VIOLATED)
   U16496/A1                    0.28           0.29          -0.01  (VIOLATED)
   U7993/A1                     0.28           0.29          -0.01  (VIOLATED)
   U7842/A1                     0.28           0.29          -0.01  (VIOLATED)
   U16623/A1                    0.28           0.29          -0.01  (VIOLATED)
   U16559/A1                    0.28           0.29          -0.01  (VIOLATED)
   U8236/A1                     0.28           0.29          -0.01  (VIOLATED)
   U8090/A1                     0.28           0.29          -0.01  (VIOLATED)
   U8482/A1                     0.28           0.29          -0.01  (VIOLATED)
   U9998/A1                     0.28           0.29          -0.01  (VIOLATED)
   U8138/A1                     0.28           0.29          -0.01  (VIOLATED)
   U14801/A1                    0.28           0.29          -0.01  (VIOLATED)
   U14691/A1                    0.28           0.29          -0.01  (VIOLATED)
   U15202/A1                    0.28           0.29          -0.01  (VIOLATED)
   U7945/A1                     0.28           0.29          -0.01  (VIOLATED)
   U8336/A1                     0.28           0.29          -0.01  (VIOLATED)
   U8434/A1                     0.28           0.29          -0.01  (VIOLATED)
   U8042/A1                     0.28           0.29          -0.01  (VIOLATED)
   U8506/A1                     0.28           0.29          -0.01  (VIOLATED)
   U8114/A1                     0.28           0.29          -0.01  (VIOLATED)
   U9988/A1                     0.28           0.29          -0.01  (VIOLATED)
   U15798/A1                    0.28           0.29          -0.01  (VIOLATED)
   U16051/A1                    0.28           0.29          -0.01  (VIOLATED)
   U15437/A1                    0.28           0.29          -0.01  (VIOLATED)
   U8066/A1                     0.28           0.29          -0.01  (VIOLATED)
   U8458/A1                     0.28           0.29          -0.01  (VIOLATED)
   U15512/A1                    0.28           0.29          -0.01  (VIOLATED)
   U7818/A1                     0.28           0.29          -0.01  (VIOLATED)
   U8360/A1                     0.28           0.29          -0.01  (VIOLATED)
   U7969/A1                     0.28           0.29          -0.01  (VIOLATED)
   U15924/A1                    0.28           0.29          -0.01  (VIOLATED)
   U9969/A1                     0.28           0.29          -0.01  (VIOLATED)
   U8555/A1                     0.28           0.29          -0.01  (VIOLATED)
   U8260/A1                     0.28           0.29          -0.01  (VIOLATED)
   U16528/A1                    0.28           0.29          -0.01  (VIOLATED)
   U8310/A1                     0.28           0.29          -0.01  (VIOLATED)
   U16464/A1                    0.28           0.29          -0.01  (VIOLATED)
   U8102/A1                     0.28           0.29          -0.01  (VIOLATED)
   U8494/A1                     0.28           0.29          -0.01  (VIOLATED)
   U9042/A1                     0.28           0.29          -0.01  (VIOLATED)
   U8005/A1                     0.28           0.29          -0.01  (VIOLATED)
   U9987/A1                     0.28           0.29          -0.01  (VIOLATED)
   U16480/A1                    0.28           0.29          -0.01  (VIOLATED)
   U8297/A1                     0.28           0.29          -0.01  (VIOLATED)
   U8945/A1                     0.28           0.29          -0.01  (VIOLATED)
   FE_PHC5197_n5246/A           0.28           0.29          -0.01  (VIOLATED)
   U9082/Y                      0.28           0.29          -0.01  (VIOLATED)
   FE_PHC4970_DUT2_instruction_array_1183/A
                                0.28           0.29          -0.01  (VIOLATED)
   U10908/B1                    0.28           0.29          -0.01  (VIOLATED)
   DUT2_instruction_array_reg_171__7_/QN
                                0.28           0.29          -0.01  (VIOLATED)
   FE_OFC131_instruction_in_7/Y
                                0.28           0.29          -0.01  (VIOLATED)
   FE_PHC3032_DUT2_instruction_array_2738/A
                                0.28           0.29          -0.01  (VIOLATED)
   U11827/B1                    0.28           0.29          -0.01  (VIOLATED)
   DUT2_instruction_array_reg_60__8_/QN
                                0.28           0.29          -0.01  (VIOLATED)
   U10808/C                     0.28           0.29          -0.01  (VIOLATED)
   U10806/Y                     0.28           0.29          -0.01  (VIOLATED)
   FE_PHC4338_DUT2_instruction_array_2428/A
                                0.28           0.29          -0.01  (VIOLATED)
   U11762/A1                    0.28           0.29          -0.01  (VIOLATED)
   DUT2_instruction_array_reg_82__6_/QN
                                0.28           0.29          -0.01  (VIOLATED)
   U11650/C                     0.28           0.29          -0.01  (VIOLATED)
   U7375/Y                      0.28           0.29          -0.01  (VIOLATED)
   FE_OFC764_n8678/A            0.28           0.29          -0.01  (VIOLATED)
   U11506/Y                     0.28           0.29          -0.01  (VIOLATED)
   U16210/A1                    0.28           0.29          -0.01  (VIOLATED)
   U16336/A1                    0.28           0.29          -0.01  (VIOLATED)
   U8702/A1                     0.28           0.29          -0.01  (VIOLATED)
   U10009/A1                    0.28           0.29          -0.01  (VIOLATED)
   U10045/A1                    0.28           0.29          -0.01  (VIOLATED)
   U8750/A1                     0.28           0.29          -0.01  (VIOLATED)
   U8993/A1                     0.28           0.29          -0.01  (VIOLATED)
   U8849/A1                     0.28           0.29          -0.01  (VIOLATED)
   U8896/A1                     0.28           0.29          -0.01  (VIOLATED)
   U16241/A1                    0.28           0.29          -0.01  (VIOLATED)
   U16368/A1                    0.28           0.29          -0.01  (VIOLATED)
   U10081/A1                    0.28           0.29          -0.01  (VIOLATED)
   U8799/A1                     0.28           0.29          -0.01  (VIOLATED)
   U16083/A1                    0.28           0.29          -0.01  (VIOLATED)
   U9431/A1                     0.28           0.29          -0.01  (VIOLATED)
   U15114/A1                    0.28           0.29          -0.01  (VIOLATED)
   U9583/A1                     0.28           0.29          -0.01  (VIOLATED)
   U15070/A1                    0.28           0.29          -0.01  (VIOLATED)
   U9236/A1                     0.28           0.29          -0.01  (VIOLATED)
   U9334/A1                     0.28           0.29          -0.01  (VIOLATED)
   U10005/A1                    0.28           0.29          -0.01  (VIOLATED)
   U9139/A1                     0.28           0.29          -0.01  (VIOLATED)
   U16273/A1                    0.28           0.29          -0.01  (VIOLATED)
   U16432/A1                    0.28           0.29          -0.01  (VIOLATED)
   U8578/A1                     0.28           0.29          -0.01  (VIOLATED)
   U16305/A1                    0.28           0.29          -0.01  (VIOLATED)
   FE_PHC4701_DUT2_instruction_array_2992/A
                                0.28           0.29          -0.01  (VIOLATED)
   U12151/B1                    0.28           0.29          -0.01  (VIOLATED)
   DUT2_instruction_array_reg_42__10_/QN
                                0.28           0.29          -0.01  (VIOLATED)
   U9115/A1                     0.28           0.29          -0.01  (VIOLATED)
   U8774/A1                     0.28           0.29          -0.01  (VIOLATED)
   U16400/A1                    0.28           0.29          -0.01  (VIOLATED)
   U9018/A1                     0.28           0.29          -0.01  (VIOLATED)
   U10031/A1                    0.28           0.29          -0.01  (VIOLATED)
   U8678/A1                     0.28           0.29          -0.01  (VIOLATED)
   U8921/A1                     0.28           0.29          -0.01  (VIOLATED)
   U8630/A1                     0.28           0.29          -0.01  (VIOLATED)
   U8872/A1                     0.28           0.29          -0.01  (VIOLATED)
   U8726/A1                     0.28           0.29          -0.01  (VIOLATED)
   U8969/A1                     0.28           0.29          -0.01  (VIOLATED)
   U9066/A1                     0.28           0.29          -0.01  (VIOLATED)
   U8823/A1                     0.28           0.29          -0.01  (VIOLATED)
   U10010/A1                    0.28           0.29          -0.01  (VIOLATED)
   FE_PHC3849_DUT2_operand_array_592/A
                                0.28           0.29          -0.01  (VIOLATED)
   U12430/B1                    0.28           0.29          -0.01  (VIOLATED)
   DUT2_operand_array_reg_53__0_/QN
                                0.28           0.29          -0.01  (VIOLATED)
   U8871/B1                     0.28           0.29          -0.01  (VIOLATED)
   U8872/B1                     0.28           0.29          -0.01  (VIOLATED)
   U8877/B1                     0.28           0.29          -0.01  (VIOLATED)
   U8867/B1                     0.28           0.29          -0.01  (VIOLATED)
   U8870/B1                     0.28           0.29          -0.01  (VIOLATED)
   U7883/A1                     0.28           0.29          -0.01  (VIOLATED)
   U8878/B1                     0.28           0.29          -0.01  (VIOLATED)
   U8762/A1                     0.28           0.29          -0.01  (VIOLATED)
   U16226/A1                    0.28           0.29          -0.01  (VIOLATED)
   U16352/A1                    0.28           0.29          -0.01  (VIOLATED)
   U8873/B1                     0.28           0.29          -0.01  (VIOLATED)
   U10028/B1                    0.28           0.29          -0.01  (VIOLATED)
   U8868/B1                     0.28           0.29          -0.01  (VIOLATED)
   U8876/B1                     0.28           0.29          -0.01  (VIOLATED)
   U8875/B1                     0.28           0.29          -0.01  (VIOLATED)
   U8874/B1                     0.28           0.29          -0.01  (VIOLATED)
   U8981/A1                     0.28           0.29          -0.01  (VIOLATED)
   U8869/B1                     0.28           0.29          -0.01  (VIOLATED)
   U7873/B1                     0.28           0.29          -0.01  (VIOLATED)
   U8738/A1                     0.28           0.29          -0.01  (VIOLATED)
   U15333/Y                     0.28           0.29          -0.01  (VIOLATED)
   FE_OFC134_instruction_in_7/Y
                                0.28           0.29          -0.01  (VIOLATED)
   U8526/B0                     0.28           0.29          -0.01  (VIOLATED)
   FE_PHC4761_DUT2_instruction_array_2896/Y
                                0.28           0.29          -0.01  (VIOLATED)
   FE_PHC4997_PC_3/A            0.28           0.29          -0.01  (VIOLATED)
   U10151/A                     0.28           0.29          -0.01  (VIOLATED)
   U10155/A                     0.28           0.29          -0.01  (VIOLATED)
   U10156/A                     0.28           0.29          -0.01  (VIOLATED)
   U13232/B0                    0.28           0.29          -0.01  (VIOLATED)
   DUT3_PC_reg_3_/QN            0.28           0.29          -0.01  (VIOLATED)
   U11480/B0                    0.28           0.28           0.00  (VIOLATED: increase significant digits)
   U11298/B0                    0.28           0.28           0.00  (VIOLATED: increase significant digits)
   U11143/B0                    0.28           0.28           0.00  (VIOLATED: increase significant digits)
   U11634/B0                    0.28           0.28           0.00  (VIOLATED: increase significant digits)
   U10682/B0                    0.28           0.28           0.00  (VIOLATED: increase significant digits)
   U10835/B0                    0.28           0.28           0.00  (VIOLATED: increase significant digits)
   U9773/B0                     0.28           0.28           0.00  (VIOLATED: increase significant digits)
   U11367/B0                    0.28           0.28           0.00  (VIOLATED: increase significant digits)
   U12251/B0                    0.28           0.28           0.00  (VIOLATED: increase significant digits)
   U10990/B0                    0.28           0.28           0.00  (VIOLATED: increase significant digits)
   U10722/B0                    0.28           0.28           0.00  (VIOLATED: increase significant digits)
   U11905/B0                    0.28           0.28           0.00  (VIOLATED: increase significant digits)
   U10354/B0                    0.28           0.28           0.00  (VIOLATED: increase significant digits)
   U10951/B0                    0.28           0.28           0.00  (VIOLATED: increase significant digits)
   U11788/B0                    0.28           0.28           0.00  (VIOLATED: increase significant digits)
   U11519/B0                    0.28           0.28           0.00  (VIOLATED: increase significant digits)
   U12096/B0                    0.28           0.28           0.00  (VIOLATED: increase significant digits)
   U10527/B0                    0.28           0.28           0.00  (VIOLATED: increase significant digits)
   U11943/B0                    0.28           0.28           0.00  (VIOLATED: increase significant digits)
   U11596/B0                    0.28           0.28           0.00  (VIOLATED: increase significant digits)
   U11442/B0                    0.28           0.28           0.00  (VIOLATED: increase significant digits)
   U10797/B0                    0.28           0.28           0.00  (VIOLATED: increase significant digits)
   U9741/B0                     0.28           0.28           0.00  (VIOLATED: increase significant digits)
   U12059/B0                    0.28           0.28           0.00  (VIOLATED: increase significant digits)
   U10643/B0                    0.28           0.28           0.00  (VIOLATED: increase significant digits)
   U11105/B0                    0.28           0.28           0.00  (VIOLATED: increase significant digits)
   U10315/B0                    0.28           0.28           0.00  (VIOLATED: increase significant digits)
   U10489/B0                    0.28           0.28           0.00  (VIOLATED: increase significant digits)
   U12213/B0                    0.28           0.28           0.00  (VIOLATED: increase significant digits)
   U11259/B0                    0.28           0.28           0.00  (VIOLATED: increase significant digits)
   U12367/B0                    0.28           0.28           0.00  (VIOLATED: increase significant digits)
   FE_PHC3252_DUT2_operand_array_783/A
                                0.28           0.28           0.00  (VIOLATED: increase significant digits)
   U13084/A1                    0.28           0.28           0.00  (VIOLATED: increase significant digits)
   U11674/B0                    0.28           0.28           0.00  (VIOLATED: increase significant digits)
   U11183/B0                    0.28           0.28           0.00  (VIOLATED: increase significant digits)
   U11030/B0                    0.28           0.28           0.00  (VIOLATED: increase significant digits)
   DUT2_operand_array_reg_30__7_/QN
                                0.28           0.28           0.00  (VIOLATED: increase significant digits)
   U10206/B0                    0.28           0.28           0.00  (VIOLATED: increase significant digits)
   U12291/B0                    0.28           0.28           0.00  (VIOLATED: increase significant digits)
   U10875/B0                    0.28           0.28           0.00  (VIOLATED: increase significant digits)
   U10567/B0                    0.28           0.28           0.00  (VIOLATED: increase significant digits)
   U11828/B0                    0.28           0.28           0.00  (VIOLATED: increase significant digits)
   U11983/B0                    0.28           0.28           0.00  (VIOLATED: increase significant digits)
   U12136/B0                    0.28           0.28           0.00  (VIOLATED: increase significant digits)
   U9677/B0                     0.28           0.28           0.00  (VIOLATED: increase significant digits)
   U11713/B0                    0.28           0.28           0.00  (VIOLATED: increase significant digits)
   U12329/B0                    0.28           0.28           0.00  (VIOLATED: increase significant digits)
   U9709/B0                     0.28           0.28           0.00  (VIOLATED: increase significant digits)
   U12175/B0                    0.28           0.28           0.00  (VIOLATED: increase significant digits)
   U11221/B0                    0.28           0.28           0.00  (VIOLATED: increase significant digits)
   U11867/B0                    0.28           0.28           0.00  (VIOLATED: increase significant digits)
   U10451/B0                    0.28           0.28           0.00  (VIOLATED: increase significant digits)
   U10759/B0                    0.28           0.28           0.00  (VIOLATED: increase significant digits)
   U10605/B0                    0.28           0.28           0.00  (VIOLATED: increase significant digits)
   U11405/B0                    0.28           0.28           0.00  (VIOLATED: increase significant digits)
   U10273/B0                    0.28           0.28           0.00  (VIOLATED: increase significant digits)
   U12021/B0                    0.28           0.28           0.00  (VIOLATED: increase significant digits)
   U11558/B0                    0.28           0.28           0.00  (VIOLATED: increase significant digits)
   U10913/B0                    0.28           0.28           0.00  (VIOLATED: increase significant digits)
   FE_OFC282_n9234/Y            0.28           0.28           0.00  (VIOLATED: increase significant digits)
   FE_PHC3902_DUT2_instruction_array_2917/A
                                0.28           0.28           0.00  (VIOLATED: increase significant digits)
   U11510/B1                    0.28           0.28           0.00  (VIOLATED: increase significant digits)
   DUT2_instruction_array_reg_47__5_/QN
                                0.28           0.28           0.00  (VIOLATED: increase significant digits)
   U9478/B0                     0.28           0.28           0.00  (VIOLATED: increase significant digits)
   FE_PHC5345_DUT2_instruction_array_1297/Y
                                0.28           0.28           0.00  (VIOLATED: increase significant digits)
   FE_PHC4177_DUT2_operand_array_145/A
                                0.28           0.28           0.00  (VIOLATED: increase significant digits)
   U12705/B1                    0.28           0.28           0.00  (VIOLATED: increase significant digits)
   DUT2_operand_array_reg_109__1_/QN
                                0.28           0.28           0.00  (VIOLATED: increase significant digits)
   U9281/A1                     0.28           0.28           0.00  (VIOLATED: increase significant digits)
   U16409/B0                    0.28           0.28           0.00  (VIOLATED: increase significant digits)
   FE_PHC5245_DUT2_instruction_array_2310/Y
                                0.28           0.28           0.00  (VIOLATED: increase significant digits)
   FE_PHC5220_DUT2_instruction_array_3039/A
                                0.28           0.28           0.00  (VIOLATED: increase significant digits)
   U10416/B1                    0.28           0.28           0.00  (VIOLATED: increase significant digits)
   DUT2_instruction_array_reg_38__1_/QN
                                0.28           0.28           0.00  (VIOLATED: increase significant digits)
   U9038/A1                     0.28           0.28           0.00  (VIOLATED: increase significant digits)
   U8794/A1                     0.28           0.28           0.00  (VIOLATED: increase significant digits)
   U7878/A1                     0.28           0.28           0.00  (VIOLATED: increase significant digits)
   U8697/A1                     0.28           0.28           0.00  (VIOLATED: increase significant digits)
   U8844/A1                     0.28           0.28           0.00  (VIOLATED: increase significant digits)
   U9086/A1                     0.28           0.28           0.00  (VIOLATED: increase significant digits)
   U16341/A1                    0.28           0.28           0.00  (VIOLATED: increase significant digits)
   U16215/A1                    0.28           0.28           0.00  (VIOLATED: increase significant digits)
   U15046/A1                    0.28           0.28           0.00  (VIOLATED: increase significant digits)
   U8649/A1                     0.28           0.28           0.00  (VIOLATED: increase significant digits)
   U8892/A1                     0.28           0.28           0.00  (VIOLATED: increase significant digits)
   U10100/A1                    0.28           0.28           0.00  (VIOLATED: increase significant digits)
   U9378/A1                     0.28           0.28           0.00  (VIOLATED: increase significant digits)
   U8989/A1                     0.28           0.28           0.00  (VIOLATED: increase significant digits)
   U8746/A1                     0.28           0.28           0.00  (VIOLATED: increase significant digits)
   U7920/A1                     0.28           0.28           0.00  (VIOLATED: increase significant digits)
   U16088/A1                    0.28           0.28           0.00  (VIOLATED: increase significant digits)
   U7864/A1                     0.28           0.28           0.00  (VIOLATED: increase significant digits)
   U9427/A1                     0.28           0.28           0.00  (VIOLATED: increase significant digits)
   U15117/A1                    0.28           0.28           0.00  (VIOLATED: increase significant digits)
   U9231/A1                     0.28           0.28           0.00  (VIOLATED: increase significant digits)
   U15113/A1                    0.28           0.28           0.00  (VIOLATED: increase significant digits)
   U9594/A1                     0.28           0.28           0.00  (VIOLATED: increase significant digits)
   U9329/A1                     0.28           0.28           0.00  (VIOLATED: increase significant digits)
   U8965/A1                     0.28           0.28           0.00  (VIOLATED: increase significant digits)
   U8818/A1                     0.28           0.28           0.00  (VIOLATED: increase significant digits)
   U9062/A1                     0.28           0.28           0.00  (VIOLATED: increase significant digits)
   U8868/A1                     0.28           0.28           0.00  (VIOLATED: increase significant digits)
   U8625/A1                     0.28           0.28           0.00  (VIOLATED: increase significant digits)
   U16373/A1                    0.28           0.28           0.00  (VIOLATED: increase significant digits)
   U16246/A1                    0.28           0.28           0.00  (VIOLATED: increase significant digits)
   U9572/A1                     0.28           0.28           0.00  (VIOLATED: increase significant digits)
   U9183/A1                     0.28           0.28           0.00  (VIOLATED: increase significant digits)
   U9475/A1                     0.28           0.28           0.00  (VIOLATED: increase significant digits)
   U16151/A1                    0.28           0.28           0.00  (VIOLATED: increase significant digits)
   FE_PHC3308_DUT2_operand_array_803/A
                                0.28           0.28           0.00  (VIOLATED: increase significant digits)
   U12758/A1                    0.28           0.28           0.00  (VIOLATED: increase significant digits)
   DUT2_operand_array_reg_27__3_/QN
                                0.28           0.28           0.00  (VIOLATED: increase significant digits)
   U8287/B0                     0.28           0.28           0.00  (VIOLATED: increase significant digits)
   U14989/A1                    0.28           0.28           0.00  (VIOLATED: increase significant digits)
   U9402/A1                     0.28           0.28           0.00  (VIOLATED: increase significant digits)
   U9499/A1                     0.28           0.28           0.00  (VIOLATED: increase significant digits)
   FE_PHC5225_DUT2_instruction_array_3168/Y
                                0.28           0.28           0.00  (VIOLATED: increase significant digits)
   U16120/A1                    0.28           0.28           0.00  (VIOLATED: increase significant digits)
   U9207/A1                     0.28           0.28           0.00  (VIOLATED: increase significant digits)
   U15156/A1                    0.28           0.28           0.00  (VIOLATED: increase significant digits)
   U9305/A1                     0.28           0.28           0.00  (VIOLATED: increase significant digits)
   U15019/A1                    0.28           0.28           0.00  (VIOLATED: increase significant digits)
   U16183/A1                    0.28           0.28           0.00  (VIOLATED: increase significant digits)
   U16591/B0                    0.28           0.28           0.00  (VIOLATED: increase significant digits)
   FE_PHC5229_DUT2_instruction_array_2807/Y
                                0.28           0.28           0.00  (VIOLATED: increase significant digits)
   FE_PHC3283_DUT2_instruction_array_3297/A
                                0.28           0.28           0.00  (VIOLATED: increase significant digits)
   U10872/A1                    0.28           0.28           0.00  (VIOLATED: increase significant digits)
   DUT2_instruction_array_reg_20__7_/QN
                                0.28           0.28           0.00  (VIOLATED: increase significant digits)
   FE_PHC4283_DUT2_instruction_array_3260/A
                                0.28           0.28           0.00  (VIOLATED: increase significant digits)
   U11017/A1                    0.28           0.28           0.00  (VIOLATED: increase significant digits)
   DUT2_instruction_array_reg_23__12_/QN
                                0.28           0.28           0.00  (VIOLATED: increase significant digits)
   U9451/A1                     0.28           0.28           0.00  (VIOLATED: increase significant digits)
   U7894/A1                     0.28           0.28           0.00  (VIOLATED: increase significant digits)
   U9548/A1                     0.28           0.28           0.00  (VIOLATED: increase significant digits)
   FE_OFC108_instruction_in_12/Y
                                0.28           0.28           0.00  (VIOLATED: increase significant digits)
   U9387/B0                     0.28           0.28           0.00  (VIOLATED: increase significant digits)
   FE_PHC5237_DUT2_instruction_array_1402/Y
                                0.28           0.28           0.00  (VIOLATED: increase significant digits)


1
